// Jest Snapshot v1, https://goo.gl/fbAQLP

exports[`renders Carousel component correctly 1`] = `
<div>
  <div
    class="Carousel"
    data-testid="carousel"
  >
    <h1>
      Test Carousel
    </h1>
    <div
      class="Carousel-main"
    >
      <div
        class="Card"
      >
        <h4
          class="Card-title"
        >
          Image 1
        </h4>
        <img
          alt="Image 1"
          class="Card-image"
          src="image1.jpg"
        />
        <small
          class="Card-small"
        >
          Image 
          1
           of 
          2
          .
        </small>
      </div>
      <i
        class="bi bi-arrow-right-circle"
      />
    </div>
  </div>
</div>
`;
